\BOOKMARK [1][-]{section.1}{\376\377\000I\000n\000t\000r\000o\000d\000u\000c\000t\000i\000o\000n}{}% 1
\BOOKMARK [1][-]{section.2}{\376\377\000R\000e\000l\000a\000t\000e\000d\000\040\000W\000o\000r\000k}{}% 2
\BOOKMARK [1][-]{section.3}{\376\377\000M\000e\000t\000h\000o\000d}{}% 3
\BOOKMARK [2][-]{subsection.3.1}{\376\377\000P\000r\000o\000b\000l\000e\000m\000\040\000F\000o\000r\000m\000u\000l\000a\000t\000i\000o\000n}{section.3}% 4
\BOOKMARK [2][-]{subsection.3.2}{\376\377\000O\000b\000s\000e\000r\000v\000a\000t\000i\000o\000n\000\040\000G\000r\000a\000p\000h}{section.3}% 5
\BOOKMARK [2][-]{subsection.3.3}{\376\377\000F\000r\000a\000g\000m\000e\000n\000t\000\040\000E\000n\000c\000o\000d\000e\000r\000\040\000\050\000S\000k\000e\000l\000e\000t\000o\000n\000G\000N\000N\000\051}{section.3}% 6
\BOOKMARK [2][-]{subsection.3.4}{\376\377\000E\000d\000g\000e\000P\000a\000r\000t\000i\000t\000i\000o\000n\000G\000N\000N}{section.3}% 7
\BOOKMARK [2][-]{subsection.3.5}{\376\377\000C\000o\000r\000r\000e\000l\000a\000t\000i\000o\000n\000\040\000C\000l\000u\000s\000t\000e\000r\000i\000n\000g\000\040\000v\000i\000a\000\040\000G\000A\000E\000C}{section.3}% 8
\BOOKMARK [2][-]{subsection.3.6}{\376\377\000T\000r\000e\000e\000-\000C\000o\000m\000p\000l\000i\000a\000n\000t\000\040\000S\000k\000e\000l\000e\000t\000o\000n\000\040\000A\000s\000s\000e\000m\000b\000l\000y}{section.3}% 9
\BOOKMARK [1][-]{section.4}{\376\377\000E\000x\000p\000e\000r\000i\000m\000e\000n\000t\000s}{}% 10
\BOOKMARK [2][-]{subsection.4.1}{\376\377\000D\000a\000t\000a\000s\000e\000t\000\040\000a\000n\000d\000\040\000S\000e\000t\000u\000p}{section.4}% 11
\BOOKMARK [2][-]{subsection.4.2}{\376\377\000M\000a\000i\000n\000\040\000R\000e\000s\000u\000l\000t\000:\000\040\000I\000n\000-\000S\000a\000m\000p\000l\000e\000\040\000B\000e\000n\000c\000h\000m\000a\000r\000k\000\040\000\050\0005\0003\0003\000\040\000N\000e\000u\000r\000o\000n\000s\000\051}{section.4}% 12
\BOOKMARK [2][-]{subsection.4.3}{\376\377\000S\000p\000a\000t\000i\000a\000l\000\040\000G\000e\000n\000e\000r\000a\000l\000i\000z\000a\000t\000i\000o\000n}{section.4}% 13
\BOOKMARK [2][-]{subsection.4.4}{\376\377\000S\000k\000e\000l\000e\000t\000o\000n\000\040\000A\000s\000s\000e\000m\000b\000l\000y}{section.4}% 14
\BOOKMARK [2][-]{subsection.4.5}{\376\377\000O\000u\000t\000-\000o\000f\000-\000C\000o\000l\000u\000m\000n\000\040\000T\000r\000a\000n\000s\000f\000e\000r}{section.4}% 15
\BOOKMARK [2][-]{subsection.4.6}{\376\377\000C\000a\000l\000i\000b\000r\000a\000t\000e\000d\000\040\000C\000o\000n\000f\000i\000d\000e\000n\000c\000e}{section.4}% 16
\BOOKMARK [1][-]{section.5}{\376\377\000D\000i\000s\000c\000u\000s\000s\000i\000o\000n}{}% 17
\BOOKMARK [2][-]{subsection.5.1}{\376\377\000W\000h\000a\000t\000\040\000T\000h\000i\000s\000\040\000A\000c\000h\000i\000e\000v\000e\000s\000\040\000a\000n\000d\000\040\000W\000h\000a\000t\000\040\000I\000t\000\040\000D\000o\000e\000s\000\040\000N\000o\000t}{section.5}% 18
\BOOKMARK [2][-]{subsection.5.2}{\376\377\000C\000o\000m\000p\000a\000r\000i\000s\000o\000n\000\040\000t\000o\000\040\000A\000u\000t\000o\000P\000r\000o\000o\000f}{section.5}% 19
\BOOKMARK [2][-]{subsection.5.3}{\376\377\000L\000i\000m\000i\000t\000a\000t\000i\000o\000n\000s}{section.5}% 20
\BOOKMARK [1][-]{section.6}{\376\377\000C\000o\000n\000c\000l\000u\000s\000i\000o\000n}{}% 21
